{
  "cut": "v2.5.0-rc.4",
  "manifest_sha256": "4fa2556d0127bebce8f7184cc4a3cb708a175b2e40552c55cb211f2426d5049e",
  "path": "/Users/jim/src/apps/specification_methodology/stdo_representation/dogfood/t009-frame-projection/rc5-installed-update-001/stdo-store/releases/v2.5.0-rc.4",
  "release": {
    "commit": "7a25668a8fecfd26f895759af3bec4708727964a",
    "cut": "v2.5.0-rc.4",
    "project_release_namespace": "specification_methodology",
    "project_subtree_root": "specification_methodology",
    "project_subtree_tree": "a9565f923213759984f936d087cd7cebd0f44a74",
    "qualified_ref": "refs/tags/specification_methodology/v2.5.0-rc.4",
    "standards_tree": "d6642edac9fb509a68b2ffc81d3404f2360b34e4",
    "tag_object": "032dac0c833111547f7dd4b290c5316ed9b70f97",
    "tree": "737af9a7a2779dbf59e7c81232e7efd4dd98692a"
  },
  "standards": {
    "member_count": 52,
    "member_set_sha256": "504db879867f60e46ed4dea60509d12056d10cdd8c3460dc94abf7bc56542656"
  },
  "status": "installed",
  "uri": "stdo://releases/v2.5.0-rc.4/"
}
